---
source: zebra-rpc/src/methods/tests/snapshot.rs
assertion_line: 556
expression: status_only
---
{
  "status": "healthy"
}
